2021-09-04 20:54:20,188 INFO [root] [api_pay.py(pay:15)] - 提取数据：请求响应头数据为{'Date': 'Sat, 04 Sep 2021 12:54:18 GMT', 'Server': 'Apache/2.4.23 (Win64) PHP/7.0.10', 'X-Powered-By': 'PHP/7.0.10', 'Expires': 'Thu, 19 Nov 1981 08:52:00 GMT', 'Cache-Control': 'no-cache,must-revalidate', 'Pragma': 'no-cache', 'Location': 'http://121.42.15.146:9090/mtx/payment_order_deliverypayment_respond.php?out_trade_no=20210904205418147406&subject=è®¢å\x8d\x95æ\x94¯ä»\x98&total_price=2100.00', 'Content-Length': '0', 'Keep-Alive': 'timeout=5, max=98', 'Connection': 'Keep-Alive', 'Content-Type': 'text/html; charset=utf-8'}
2021-09-04 20:54:20,191 INFO [root] [api_pay.py(pay:16)] - 发起请求：请求响应值为<Response [200]>
